{
  "warnings" : [ ],
  "files" : [ "analysis___untyped_extsign.f0(extsign__this).dot", "analysis___untyped_extsign.f1(extsign__this).dot", "analysis___untyped_extsign.f2(extsign__this).dot", "analysis___untyped_extsign.f3(extsign__this).dot", "analysis___untyped_extsign.f4(extsign__this).dot" ]
}