{
  "warnings" : [ ],
  "files" : [ "analysis___untyped_ae.f0(ae__this).dot", "analysis___untyped_ae.f1(ae__this).dot", "analysis___untyped_ae.f2(ae__this).dot", "analysis___untyped_ae.f3(ae__this).dot", "analysis___untyped_ae.f4(ae__this).dot" ]
}